// Jest Snapshot v1, https://goo.gl/fbAQLP

exports[`About 테스트 스냅샷 1`] = `
<div>
  <h2
    role="banner"
  >
    About
  </h2>
</div>
`;
